
> contest-widget@1.0.0 dist
> electron-builder

  ΓÇó electron-builder  version=24.13.3 os=10.0.26200
  ΓÇó loaded configuration  file=package.json ("build" field)
  ΓÇó packaging       platform=win32 arch=x64 electron=29.4.6 appOutDir=dist\win-unpacked
  ΓÇó downloading     url=https://github.com/electron-userland/electron-builder-binaries/releases/download/winCodeSign-2.6.0/winCodeSign-2.6.0.7z size=5.6 MB parts=1
  ΓÇó downloaded      url=https://github.com/electron-userland/electron-builder-binaries/releases/download/winCodeSign-2.6.0/winCodeSign-2.6.0.7z duration=1.411s
  Γ¿» cannot execute  cause=exit status 2
                    out=
    7-Zip (a) 21.07 (x64) : Copyright (c) 1999-2021 Igor Pavlov : 2021-12-26
    
    Scanning the drive for archives:
    1 file, 5635384 bytes (5504 KiB)
    
    Extracting archive: C:\Users\hp\AppData\Local\electron-builder\Cache\winCodeSign\680982631.7z
    --
    Path = C:\Users\hp\AppData\Local\electron-builder\Cache\winCodeSign\680982631.7z
    Type = 7z
    Physical Size = 5635384
    Headers Size = 1492
    Method = LZMA2:24m LZMA:20 BCJ2
    Solid = +
    Blocks = 2
    
    
    Sub items Errors: 2
    
    Archives with Errors: 1
    
    Sub items Errors: 2
    
                    errorOut=ERROR: Cannot create symbolic link : A required privilege is not held by the client. : C:\Users\hp\AppData\Local\electron-builder\Cache\winCodeSign\680982631\darwin\10.12\lib\libcrypto.dylib
    ERROR: Cannot create symbolic link : A required privilege is not held by the client. : C:\Users\hp\AppData\Local\electron-builder\Cache\winCodeSign\680982631\darwin\10.12\lib\libssl.dylib
    
                    command='C:\Users\hp\Desktop\widget\node_modules\7zip-bin\win\x64\7za.exe' x -bd 'C:\Users\hp\AppData\Local\electron-builder\Cache\winCodeSign\680982631.7z' '-oC:\Users\hp\AppData\Local\electron-builder\Cache\winCodeSign\680982631'
                    workingDir=C:\Users\hp\AppData\Local\electron-builder\Cache\winCodeSign
  ΓÇó Above command failed, retrying 3 more times
  ΓÇó downloading     url=https://github.com/electron-userland/electron-builder-binaries/releases/download/winCodeSign-2.6.0/winCodeSign-2.6.0.7z size=5.6 MB parts=1
  ΓÇó downloaded      url=https://github.com/electron-userland/electron-builder-binaries/releases/download/winCodeSign-2.6.0/winCodeSign-2.6.0.7z duration=1.017s
  Γ¿» cannot execute  cause=exit status 2
                    out=
    7-Zip (a) 21.07 (x64) : Copyright (c) 1999-2021 Igor Pavlov : 2021-12-26
    
    Scanning the drive for archives:
    1 file, 5635384 bytes (5504 KiB)
    
    Extracting archive: C:\Users\hp\AppData\Local\electron-builder\Cache\winCodeSign\857264531.7z
    --
    Path = C:\Users\hp\AppData\Local\electron-builder\Cache\winCodeSign\857264531.7z
    Type = 7z
    Physical Size = 5635384
    Headers Size = 1492
    Method = LZMA2:24m LZMA:20 BCJ2
    Solid = +
    Blocks = 2
    
    
    Sub items Errors: 2
    
    Archives with Errors: 1
    
    Sub items Errors: 2
    
                    errorOut=ERROR: Cannot create symbolic link : A required privilege is not held by the client. : C:\Users\hp\AppData\Local\electron-builder\Cache\winCodeSign\857264531\darwin\10.12\lib\libcrypto.dylib
    ERROR: Cannot create symbolic link : A required privilege is not held by the client. : C:\Users\hp\AppData\Local\electron-builder\Cache\winCodeSign\857264531\darwin\10.12\lib\libssl.dylib
    
                    command='C:\Users\hp\Desktop\widget\node_modules\7zip-bin\win\x64\7za.exe' x -bd 'C:\Users\hp\AppData\Local\electron-builder\Cache\winCodeSign\857264531.7z' '-oC:\Users\hp\AppData\Local\electron-builder\Cache\winCodeSign\857264531'
                    workingDir=C:\Users\hp\AppData\Local\electron-builder\Cache\winCodeSign
  ΓÇó Above command failed, retrying 2 more times
  ΓÇó downloading     url=https://github.com/electron-userland/electron-builder-binaries/releases/download/winCodeSign-2.6.0/winCodeSign-2.6.0.7z size=5.6 MB parts=1
  ΓÇó downloaded      url=https://github.com/electron-userland/electron-builder-binaries/releases/download/winCodeSign-2.6.0/winCodeSign-2.6.0.7z duration=1.416s
  Γ¿» cannot execute  cause=exit status 2
                    out=
    7-Zip (a) 21.07 (x64) : Copyright (c) 1999-2021 Igor Pavlov : 2021-12-26
    
    Scanning the drive for archives:
    1 file, 5635384 bytes (5504 KiB)
    
    Extracting archive: C:\Users\hp\AppData\Local\electron-builder\Cache\winCodeSign\325532447.7z
    --
    Path = C:\Users\hp\AppData\Local\electron-builder\Cache\winCodeSign\325532447.7z
    Type = 7z
    Physical Size = 5635384
    Headers Size = 1492
    Method = LZMA2:24m LZMA:20 BCJ2
    Solid = +
    Blocks = 2
    
    
    Sub items Errors: 2
    
    Archives with Errors: 1
    
    Sub items Errors: 2
    
                    errorOut=ERROR: Cannot create symbolic link : A required privilege is not held by the client. : C:\Users\hp\AppData\Local\electron-builder\Cache\winCodeSign\325532447\darwin\10.12\lib\libcrypto.dylib
    ERROR: Cannot create symbolic link : A required privilege is not held by the client. : C:\Users\hp\AppData\Local\electron-builder\Cache\winCodeSign\325532447\darwin\10.12\lib\libssl.dylib
    
                    command='C:\Users\hp\Desktop\widget\node_modules\7zip-bin\win\x64\7za.exe' x -bd 'C:\Users\hp\AppData\Local\electron-builder\Cache\winCodeSign\325532447.7z' '-oC:\Users\hp\AppData\Local\electron-builder\Cache\winCodeSign\325532447'
                    workingDir=C:\Users\hp\AppData\Local\electron-builder\Cache\winCodeSign
  ΓÇó Above command failed, retrying 1 more times
  ΓÇó downloading     url=https://github.com/electron-userland/electron-builder-binaries/releases/download/winCodeSign-2.6.0/winCodeSign-2.6.0.7z size=5.6 MB parts=1
  ΓÇó downloaded      url=https://github.com/electron-userland/electron-builder-binaries/releases/download/winCodeSign-2.6.0/winCodeSign-2.6.0.7z duration=1.19s
  Γ¿» cannot execute  cause=exit status 2
                    out=
    7-Zip (a) 21.07 (x64) : Copyright (c) 1999-2021 Igor Pavlov : 2021-12-26
    
    Scanning the drive for archives:
    1 file, 5635384 bytes (5504 KiB)
    
    Extracting archive: C:\Users\hp\AppData\Local\electron-builder\Cache\winCodeSign\980294123.7z
    --
    Path = C:\Users\hp\AppData\Local\electron-builder\Cache\winCodeSign\980294123.7z
    Type = 7z
    Physical Size = 5635384
    Headers Size = 1492
    Method = LZMA2:24m LZMA:20 BCJ2
    Solid = +
    Blocks = 2
    
    
    Sub items Errors: 2
    
    Archives with Errors: 1
    
    Sub items Errors: 2
    
                    errorOut=ERROR: Cannot create symbolic link : A required privilege is not held by the client. : C:\Users\hp\AppData\Local\electron-builder\Cache\winCodeSign\980294123\darwin\10.12\lib\libcrypto.dylib
    ERROR: Cannot create symbolic link : A required privilege is not held by the client. : C:\Users\hp\AppData\Local\electron-builder\Cache\winCodeSign\980294123\darwin\10.12\lib\libssl.dylib
    
                    command='C:\Users\hp\Desktop\widget\node_modules\7zip-bin\win\x64\7za.exe' x -bd 'C:\Users\hp\AppData\Local\electron-builder\Cache\winCodeSign\980294123.7z' '-oC:\Users\hp\AppData\Local\electron-builder\Cache\winCodeSign\980294123'
                    workingDir=C:\Users\hp\AppData\Local\electron-builder\Cache\winCodeSign
  ΓÇó Above command failed, retrying 0 more times
